

Working Directory = /home/vlsi19/Project/report/extend
QoS Summary for extend
========================================================================================
Metric                  generic   
========================================================================================
Slack (ps):                8,575
  R2R (ps):             no_value
  I2R (ps):             no_value
  R2O (ps):             no_value
  I2O (ps):                8,575
  CG  (ps):             no_value
TNS (ps):                      0
  R2R (ps):             no_value
  I2R (ps):             no_value
  R2O (ps):             no_value
  I2O (ps):                    0
  CG  (ps):             no_value
Failing Paths:                 0
Area:                        285
Instances:                   111
Utilization (%):            0.00
Tot. Net Length (um):   no_value
Avg. Net Length (um):   no_value
Route Overflow H (%):   no_value
Route Overflow V (%):   no_value
Seq MBCI Coverage(%):       0.00
Norm Cong Hotspot Area:
  Max Cong(4stdcell):   no_value
  Tot Cong(4stdcell):   no_value
========================================================================================
CPU  Runtime (h:m:s):   00:00:03
Real Runtime (h:m:s):   00:00:22
CPU  Elapsed (h:m:s):   00:00:09
Real Elapsed (h:m:s):   00:00:23
Memory (MB):              480.98
========================================================================================

========================================================================================
Flow Settings:
========================================================================================
Total Runtime (h:m:s): 00:00:22
Total Memory (MB):     480.98
Executable Version:    16.13
========================================================================================


