

Working Directory = /home/vlsi19/Project/report/alu
QoS Summary for alu
========================================================================================
Metric                  generic   
========================================================================================
Slack (ps):                5,966
  R2R (ps):             no_value
  I2R (ps):             no_value
  R2O (ps):             no_value
  I2O (ps):                5,966
  CG  (ps):             no_value
TNS (ps):                      0
  R2R (ps):             no_value
  I2R (ps):             no_value
  R2O (ps):             no_value
  I2O (ps):                    0
  CG  (ps):             no_value
Failing Paths:                 0
Area:                      6,092
Instances:                 1,643
Utilization (%):            0.00
Tot. Net Length (um):   no_value
Avg. Net Length (um):   no_value
Route Overflow H (%):   no_value
Route Overflow V (%):   no_value
Seq MBCI Coverage(%):       0.00
Norm Cong Hotspot Area:
  Max Cong(4stdcell):   no_value
  Tot Cong(4stdcell):   no_value
========================================================================================
CPU  Runtime (h:m:s):   00:00:03
Real Runtime (h:m:s):   00:00:15
CPU  Elapsed (h:m:s):   00:00:10
Real Elapsed (h:m:s):   00:00:17
Memory (MB):              482.66
========================================================================================

========================================================================================
Flow Settings:
========================================================================================
Total Runtime (h:m:s): 00:00:15
Total Memory (MB):     483.66
Executable Version:    16.13
========================================================================================


