

Working Directory = /home/vlsi19/Project/report/regfile
QoS Summary for regfile
========================================================================================
Metric                  generic   
========================================================================================
Slack (ps):                  inf
  R2R (ps):             no_value
  I2R (ps):             no_value
  R2O (ps):             no_value
  I2O (ps):             no_value
  CG  (ps):             no_value
TNS (ps):                      0
  R2R (ps):             no_value
  I2R (ps):             no_value
  R2O (ps):             no_value
  I2O (ps):             no_value
  CG  (ps):             no_value
Failing Paths:                 0
Area:                     13,955
Instances:                 1,207
Utilization (%):            0.00
Tot. Net Length (um):   no_value
Avg. Net Length (um):   no_value
Route Overflow H (%):   no_value
Route Overflow V (%):   no_value
Seq MBCI Coverage(%):       0.00
Norm Cong Hotspot Area:
  Max Cong(4stdcell):   no_value
  Tot Cong(4stdcell):   no_value
========================================================================================
CPU  Runtime (h:m:s):   00:00:05
Real Runtime (h:m:s):   00:00:28
CPU  Elapsed (h:m:s):   00:00:11
Real Elapsed (h:m:s):   00:00:30
Memory (MB):              502.78
========================================================================================

========================================================================================
Flow Settings:
========================================================================================
Total Runtime (h:m:s): 00:00:29
Total Memory (MB):     502.78
Executable Version:    16.13
========================================================================================


